{
  "0e86a32c": "console.log(yes);\n    ",
  "4bb2f7a9": "",
  "431e3297": "console.log(\"no\")\n    ",
  "0353a04d1": "console.log(yes);\n    ",
  "06405db52": "",
  "033f654e4": "console.log(\"no\")\n    "
}